// Jest Snapshot v1, https://goo.gl/fbAQLP

exports[`Menu Should remove null Item from menu 1`] = `
<Menu
  id="foo"
>
  <Portal>
    <Portal
      containerInfo={
        <div>
          <div
            class="react-contexify"
            style="left: 0px; top: 1px; opacity: 1;"
          >
            <div>
              <div
                class="react-contexify__item"
                role="presentation"
              >
                <div
                  class="react-contexify__item__content"
                >
                  bar
                </div>
              </div>
            </div>
          </div>
        </div>
      }
    >
      <div
        className="react-contexify"
        onMouseEnter={[Function]}
        onMouseLeave={[Function]}
        style={
          Object {
            "left": 0,
            "opacity": 1,
            "top": 1,
          }
        }
      >
        <div>
          <Item
            disabled={false}
            hidden={false}
            key=".$.0"
            nativeEvent={Object {}}
            onClick={[Function]}
            propsFromTrigger={Object {}}
          >
            <div
              className="react-contexify__item"
              onClick={[Function]}
              role="presentation"
            >
              <div
                className="react-contexify__item__content"
              >
                bar
              </div>
            </div>
          </Item>
        </div>
      </div>
    </Portal>
  </Portal>
</Menu>
`;
